D:\Projects\Rider\Wanderpool.Common\tests\Wanderpool.Common.Infra.Tests\Api\ValidationFilterExtensionsTests.cs(41,30): error CS1061: 'RouteHandlerBuilder' does not contain a definition for 'WithValidation' and no accessible extension method 'WithValidation' accepting a first argument of type 'RouteHandlerBuilder' could be found (are you missing a using directive or an assembly reference?) [D:\Projects\Rider\Wanderpool.Common\tests\Wanderpool.Common.Infra.Tests\Wanderpool.Common.Infra.Tests.csproj]
D:\Projects\Rider\Wanderpool.Common\tests\Wanderpool.Common.Infra.Tests\Api\ValidationFilterExtensionsTests.cs(58,30): error CS1061: 'RouteHandlerBuilder' does not contain a definition for 'WithValidation' and no accessible extension method 'WithValidation' accepting a first argument of type 'RouteHandlerBuilder' could be found (are you missing a using directive or an assembly reference?) [D:\Projects\Rider\Wanderpool.Common\tests\Wanderpool.Common.Infra.Tests\Wanderpool.Common.Infra.Tests.csproj]
D:\Projects\Rider\Wanderpool.Common\tests\Wanderpool.Common.Infra.Tests\Api\ValidationFilterExtensionsTests.cs(76,36): error CS1061: 'RouteHandlerBuilder' does not contain a definition for 'WithValidation' and no accessible extension method 'WithValidation' accepting a first argument of type 'RouteHandlerBuilder' could be found (are you missing a using directive or an assembly reference?) [D:\Projects\Rider\Wanderpool.Common\tests\Wanderpool.Common.Infra.Tests\Wanderpool.Common.Infra.Tests.csproj]
D:\Projects\Rider\Wanderpool.Common\tests\Wanderpool.Common.Infra.Tests\Api\ValidationFilterExtensionsTests.cs(77,33): error CS1061: 'RouteHandlerBuilder' does not contain a definition for 'WithValidation' and no accessible extension method 'WithValidation' accepting a first argument of type 'RouteHandlerBuilder' could be found (are you missing a using directive or an assembly reference?) [D:\Projects\Rider\Wanderpool.Common\tests\Wanderpool.Common.Infra.Tests\Wanderpool.Common.Infra.Tests.csproj]
D:\Projects\Rider\Wanderpool.Common\tests\Wanderpool.Common.Infra.Tests\Api\ValidationFilterExtensionsTests.cs(78,36): error CS1061: 'RouteHandlerBuilder' does not contain a definition for 'WithValidation' and no accessible extension method 'WithValidation' accepting a first argument of type 'RouteHandlerBuilder' could be found (are you missing a using directive or an assembly reference?) [D:\Projects\Rider\Wanderpool.Common\tests\Wanderpool.Common.Infra.Tests\Wanderpool.Common.Infra.Tests.csproj]
D:\Projects\Rider\Wanderpool.Common\tests\Wanderpool.Common.Infra.Tests\Policies\ResiliencePipelineConfigurationTests.cs(27,36): warning CS8620: Argument of type 'Dictionary<string, string>' cannot be used for parameter 'initialData' of type 'IEnumerable<KeyValuePair<string, string?>>' in 'IConfigurationBuilder MemoryConfigurationBuilderExtensions.AddInMemoryCollection(IConfigurationBuilder configurationBuilder, IEnumerable<KeyValuePair<string, string?>>? initialData)' due to differences in the nullability of reference types. [D:\Projects\Rider\Wanderpool.Common\tests\Wanderpool.Common.Infra.Tests\Wanderpool.Common.Infra.Tests.csproj]
D:\Projects\Rider\Wanderpool.Common\tests\Wanderpool.Common.Infra.Tests\Policies\ResiliencePipelineConfigurationTests.cs(56,36): warning CS8620: Argument of type 'Dictionary<string, string>' cannot be used for parameter 'initialData' of type 'IEnumerable<KeyValuePair<string, string?>>' in 'IConfigurationBuilder MemoryConfigurationBuilderExtensions.AddInMemoryCollection(IConfigurationBuilder configurationBuilder, IEnumerable<KeyValuePair<string, string?>>? initialData)' due to differences in the nullability of reference types. [D:\Projects\Rider\Wanderpool.Common\tests\Wanderpool.Common.Infra.Tests\Wanderpool.Common.Infra.Tests.csproj]
D:\Projects\Rider\Wanderpool.Common\tests\Wanderpool.Common.Infra.Tests\Policies\ResiliencePipelineConfigurationTests.cs(86,36): warning CS8620: Argument of type 'Dictionary<string, string>' cannot be used for parameter 'initialData' of type 'IEnumerable<KeyValuePair<string, string?>>' in 'IConfigurationBuilder MemoryConfigurationBuilderExtensions.AddInMemoryCollection(IConfigurationBuilder configurationBuilder, IEnumerable<KeyValuePair<string, string?>>? initialData)' due to differences in the nullability of reference types. [D:\Projects\Rider\Wanderpool.Common\tests\Wanderpool.Common.Infra.Tests\Wanderpool.Common.Infra.Tests.csproj]
D:\Projects\Rider\Wanderpool.Common\tests\Wanderpool.Common.Infra.Tests\Policies\ResiliencePipelineConfigurationTests.cs(120,36): warning CS8620: Argument of type 'Dictionary<string, string>' cannot be used for parameter 'initialData' of type 'IEnumerable<KeyValuePair<string, string?>>' in 'IConfigurationBuilder MemoryConfigurationBuilderExtensions.AddInMemoryCollection(IConfigurationBuilder configurationBuilder, IEnumerable<KeyValuePair<string, string?>>? initialData)' due to differences in the nullability of reference types. [D:\Projects\Rider\Wanderpool.Common\tests\Wanderpool.Common.Infra.Tests\Wanderpool.Common.Infra.Tests.csproj]
D:\Projects\Rider\Wanderpool.Common\tests\Wanderpool.Common.Infra.Tests\Policies\ResiliencePipelineConfigurationTests.cs(145,36): warning CS8620: Argument of type 'Dictionary<string, string>' cannot be used for parameter 'initialData' of type 'IEnumerable<KeyValuePair<string, string?>>' in 'IConfigurationBuilder MemoryConfigurationBuilderExtensions.AddInMemoryCollection(IConfigurationBuilder configurationBuilder, IEnumerable<KeyValuePair<string, string?>>? initialData)' due to differences in the nullability of reference types. [D:\Projects\Rider\Wanderpool.Common\tests\Wanderpool.Common.Infra.Tests\Wanderpool.Common.Infra.Tests.csproj]
D:\Projects\Rider\Wanderpool.Common\tests\Wanderpool.Common.Infra.Tests\Logging\RequestLoggingMiddlewareTests.cs(20,27): warning ASPDEPR004: 'WebHostBuilder' is obsolete: 'WebHostBuilder is deprecated in favor of HostBuilder and WebApplicationBuilder. For more information, visit https://aka.ms/aspnet/deprecate/004.' (https://aka.ms/aspnet/deprecate/004) [D:\Projects\Rider\Wanderpool.Common\tests\Wanderpool.Common.Infra.Tests\Wanderpool.Common.Infra.Tests.csproj]
D:\Projects\Rider\Wanderpool.Common\tests\Wanderpool.Common.Infra.Tests\Logging\RequestLoggingMiddlewareTests.cs(37,32): warning ASPDEPR008: 'TestServer.TestServer(IWebHostBuilder)' is obsolete: 'IWebHost, which this method uses, is obsolete. Use one of the ctors that takes an IServiceProvider instead. For more information, visit https://aka.ms/aspnet/deprecate/008.' (https://aka.ms/aspnet/deprecate/008) [D:\Projects\Rider\Wanderpool.Common\tests\Wanderpool.Common.Infra.Tests\Wanderpool.Common.Infra.Tests.csproj]
D:\Projects\Rider\Wanderpool.Common\tests\Wanderpool.Common.Infra.Tests\Policies\ResiliencePipelineConfigurationTests.cs(168,36): warning CS8620: Argument of type 'Dictionary<string, string>' cannot be used for parameter 'initialData' of type 'IEnumerable<KeyValuePair<string, string?>>' in 'IConfigurationBuilder MemoryConfigurationBuilderExtensions.AddInMemoryCollection(IConfigurationBuilder configurationBuilder, IEnumerable<KeyValuePair<string, string?>>? initialData)' due to differences in the nullability of reference types. [D:\Projects\Rider\Wanderpool.Common\tests\Wanderpool.Common.Infra.Tests\Wanderpool.Common.Infra.Tests.csproj]
D:\Projects\Rider\Wanderpool.Common\tests\Wanderpool.Common.Infra.Tests\Logging\RequestLoggingMiddlewareTests.cs(52,27): warning ASPDEPR004: 'WebHostBuilder' is obsolete: 'WebHostBuilder is deprecated in favor of HostBuilder and WebApplicationBuilder. For more information, visit https://aka.ms/aspnet/deprecate/004.' (https://aka.ms/aspnet/deprecate/004) [D:\Projects\Rider\Wanderpool.Common\tests\Wanderpool.Common.Infra.Tests\Wanderpool.Common.Infra.Tests.csproj]
D:\Projects\Rider\Wanderpool.Common\tests\Wanderpool.Common.Infra.Tests\Logging\RequestLoggingMiddlewareTests.cs(69,32): warning ASPDEPR008: 'TestServer.TestServer(IWebHostBuilder)' is obsolete: 'IWebHost, which this method uses, is obsolete. Use one of the ctors that takes an IServiceProvider instead. For more information, visit https://aka.ms/aspnet/deprecate/008.' (https://aka.ms/aspnet/deprecate/008) [D:\Projects\Rider\Wanderpool.Common\tests\Wanderpool.Common.Infra.Tests\Wanderpool.Common.Infra.Tests.csproj]
D:\Projects\Rider\Wanderpool.Common\tests\Wanderpool.Common.Infra.Tests\Logging\RequestLoggingMiddlewareTests.cs(87,27): warning ASPDEPR004: 'WebHostBuilder' is obsolete: 'WebHostBuilder is deprecated in favor of HostBuilder and WebApplicationBuilder. For more information, visit https://aka.ms/aspnet/deprecate/004.' (https://aka.ms/aspnet/deprecate/004) [D:\Projects\Rider\Wanderpool.Common\tests\Wanderpool.Common.Infra.Tests\Wanderpool.Common.Infra.Tests.csproj]
D:\Projects\Rider\Wanderpool.Common\tests\Wanderpool.Common.Infra.Tests\Logging\RequestLoggingMiddlewareTests.cs(108,32): warning ASPDEPR008: 'TestServer.TestServer(IWebHostBuilder)' is obsolete: 'IWebHost, which this method uses, is obsolete. Use one of the ctors that takes an IServiceProvider instead. For more information, visit https://aka.ms/aspnet/deprecate/008.' (https://aka.ms/aspnet/deprecate/008) [D:\Projects\Rider\Wanderpool.Common\tests\Wanderpool.Common.Infra.Tests\Wanderpool.Common.Infra.Tests.csproj]
D:\Projects\Rider\Wanderpool.Common\tests\Wanderpool.Common.Infra.Tests\Logging\RequestLoggingMiddlewareTests.cs(126,27): warning ASPDEPR004: 'WebHostBuilder' is obsolete: 'WebHostBuilder is deprecated in favor of HostBuilder and WebApplicationBuilder. For more information, visit https://aka.ms/aspnet/deprecate/004.' (https://aka.ms/aspnet/deprecate/004) [D:\Projects\Rider\Wanderpool.Common\tests\Wanderpool.Common.Infra.Tests\Wanderpool.Common.Infra.Tests.csproj]
D:\Projects\Rider\Wanderpool.Common\tests\Wanderpool.Common.Infra.Tests\Logging\RequestLoggingMiddlewareTests.cs(147,32): warning ASPDEPR008: 'TestServer.TestServer(IWebHostBuilder)' is obsolete: 'IWebHost, which this method uses, is obsolete. Use one of the ctors that takes an IServiceProvider instead. For more information, visit https://aka.ms/aspnet/deprecate/008.' (https://aka.ms/aspnet/deprecate/008) [D:\Projects\Rider\Wanderpool.Common\tests\Wanderpool.Common.Infra.Tests\Wanderpool.Common.Infra.Tests.csproj]
D:\Projects\Rider\Wanderpool.Common\tests\Wanderpool.Common.Infra.Tests\Logging\RequestLoggingMiddlewareTests.cs(163,27): warning ASPDEPR004: 'WebHostBuilder' is obsolete: 'WebHostBuilder is deprecated in favor of HostBuilder and WebApplicationBuilder. For more information, visit https://aka.ms/aspnet/deprecate/004.' (https://aka.ms/aspnet/deprecate/004) [D:\Projects\Rider\Wanderpool.Common\tests\Wanderpool.Common.Infra.Tests\Wanderpool.Common.Infra.Tests.csproj]
D:\Projects\Rider\Wanderpool.Common\tests\Wanderpool.Common.Infra.Tests\Logging\RequestLoggingMiddlewareTests.cs(184,32): warning ASPDEPR008: 'TestServer.TestServer(IWebHostBuilder)' is obsolete: 'IWebHost, which this method uses, is obsolete. Use one of the ctors that takes an IServiceProvider instead. For more information, visit https://aka.ms/aspnet/deprecate/008.' (https://aka.ms/aspnet/deprecate/008) [D:\Projects\Rider\Wanderpool.Common\tests\Wanderpool.Common.Infra.Tests\Wanderpool.Common.Infra.Tests.csproj]
D:\Projects\Rider\Wanderpool.Common\tests\Wanderpool.Common.Infra.Tests\Exceptions\GlobalExceptionHandlingExtensionsTests.cs(151,42): warning CS8602: Dereference of a possibly null reference. [D:\Projects\Rider\Wanderpool.Common\tests\Wanderpool.Common.Infra.Tests\Wanderpool.Common.Infra.Tests.csproj]
D:\Projects\Rider\Wanderpool.Common\tests\Wanderpool.Common.Infra.Tests\Logging\RequestLoggingMiddlewareTests.cs(198,27): warning ASPDEPR004: 'WebHostBuilder' is obsolete: 'WebHostBuilder is deprecated in favor of HostBuilder and WebApplicationBuilder. For more information, visit https://aka.ms/aspnet/deprecate/004.' (https://aka.ms/aspnet/deprecate/004) [D:\Projects\Rider\Wanderpool.Common\tests\Wanderpool.Common.Infra.Tests\Wanderpool.Common.Infra.Tests.csproj]
D:\Projects\Rider\Wanderpool.Common\tests\Wanderpool.Common.Infra.Tests\Logging\RequestLoggingMiddlewareTests.cs(220,32): warning ASPDEPR008: 'TestServer.TestServer(IWebHostBuilder)' is obsolete: 'IWebHost, which this method uses, is obsolete. Use one of the ctors that takes an IServiceProvider instead. For more information, visit https://aka.ms/aspnet/deprecate/008.' (https://aka.ms/aspnet/deprecate/008) [D:\Projects\Rider\Wanderpool.Common\tests\Wanderpool.Common.Infra.Tests\Wanderpool.Common.Infra.Tests.csproj]
D:\Projects\Rider\Wanderpool.Common\tests\Wanderpool.Common.Infra.Tests\Exceptions\GlobalExceptionHandlingExtensionsTests.cs(181,35): warning CS8602: Dereference of a possibly null reference. [D:\Projects\Rider\Wanderpool.Common\tests\Wanderpool.Common.Infra.Tests\Wanderpool.Common.Infra.Tests.csproj]
D:\Projects\Rider\Wanderpool.Common\tests\Wanderpool.Common.Infra.Tests\Logging\RequestLoggingMiddlewareTests.cs(235,27): warning ASPDEPR004: 'WebHostBuilder' is obsolete: 'WebHostBuilder is deprecated in favor of HostBuilder and WebApplicationBuilder. For more information, visit https://aka.ms/aspnet/deprecate/004.' (https://aka.ms/aspnet/deprecate/004) [D:\Projects\Rider\Wanderpool.Common\tests\Wanderpool.Common.Infra.Tests\Wanderpool.Common.Infra.Tests.csproj]
D:\Projects\Rider\Wanderpool.Common\tests\Wanderpool.Common.Infra.Tests\Logging\RequestLoggingMiddlewareTests.cs(256,32): warning ASPDEPR008: 'TestServer.TestServer(IWebHostBuilder)' is obsolete: 'IWebHost, which this method uses, is obsolete. Use one of the ctors that takes an IServiceProvider instead. For more information, visit https://aka.ms/aspnet/deprecate/008.' (https://aka.ms/aspnet/deprecate/008) [D:\Projects\Rider\Wanderpool.Common\tests\Wanderpool.Common.Infra.Tests\Wanderpool.Common.Infra.Tests.csproj]
D:\Projects\Rider\Wanderpool.Common\tests\Wanderpool.Common.Infra.Tests\Exceptions\GlobalExceptionHandlingExtensionsTests.cs(227,24): warning CS8602: Dereference of a possibly null reference. [D:\Projects\Rider\Wanderpool.Common\tests\Wanderpool.Common.Infra.Tests\Wanderpool.Common.Infra.Tests.csproj]
D:\Projects\Rider\Wanderpool.Common\tests\Wanderpool.Common.Infra.Tests\Logging\RequestLoggingMiddlewareTests.cs(272,27): warning ASPDEPR004: 'WebHostBuilder' is obsolete: 'WebHostBuilder is deprecated in favor of HostBuilder and WebApplicationBuilder. For more information, visit https://aka.ms/aspnet/deprecate/004.' (https://aka.ms/aspnet/deprecate/004) [D:\Projects\Rider\Wanderpool.Common\tests\Wanderpool.Common.Infra.Tests\Wanderpool.Common.Infra.Tests.csproj]
D:\Projects\Rider\Wanderpool.Common\tests\Wanderpool.Common.Infra.Tests\Logging\RequestLoggingMiddlewareTests.cs(289,32): warning ASPDEPR008: 'TestServer.TestServer(IWebHostBuilder)' is obsolete: 'IWebHost, which this method uses, is obsolete. Use one of the ctors that takes an IServiceProvider instead. For more information, visit https://aka.ms/aspnet/deprecate/008.' (https://aka.ms/aspnet/deprecate/008) [D:\Projects\Rider\Wanderpool.Common\tests\Wanderpool.Common.Infra.Tests\Wanderpool.Common.Infra.Tests.csproj]
D:\Projects\Rider\Wanderpool.Common\tests\Wanderpool.Common.Infra.Tests\Exceptions\GlobalExceptionHandlingExtensionsTests.cs(252,51): warning CS8602: Dereference of a possibly null reference. [D:\Projects\Rider\Wanderpool.Common\tests\Wanderpool.Common.Infra.Tests\Wanderpool.Common.Infra.Tests.csproj]
D:\Projects\Rider\Wanderpool.Common\tests\Wanderpool.Common.Infra.Tests\Exceptions\GlobalExceptionHandlingExtensionsTests.cs(252,51): warning CS8602: Dereference of a possibly null reference. [D:\Projects\Rider\Wanderpool.Common\tests\Wanderpool.Common.Infra.Tests\Wanderpool.Common.Infra.Tests.csproj]
D:\Projects\Rider\Wanderpool.Common\tests\Wanderpool.Common.Infra.Tests\Logging\RequestLoggingMiddlewareTests.cs(306,27): warning ASPDEPR004: 'WebHostBuilder' is obsolete: 'WebHostBuilder is deprecated in favor of HostBuilder and WebApplicationBuilder. For more information, visit https://aka.ms/aspnet/deprecate/004.' (https://aka.ms/aspnet/deprecate/004) [D:\Projects\Rider\Wanderpool.Common\tests\Wanderpool.Common.Infra.Tests\Wanderpool.Common.Infra.Tests.csproj]
D:\Projects\Rider\Wanderpool.Common\tests\Wanderpool.Common.Infra.Tests\Logging\RequestLoggingMiddlewareTests.cs(323,32): warning ASPDEPR008: 'TestServer.TestServer(IWebHostBuilder)' is obsolete: 'IWebHost, which this method uses, is obsolete. Use one of the ctors that takes an IServiceProvider instead. For more information, visit https://aka.ms/aspnet/deprecate/008.' (https://aka.ms/aspnet/deprecate/008) [D:\Projects\Rider\Wanderpool.Common\tests\Wanderpool.Common.Infra.Tests\Wanderpool.Common.Infra.Tests.csproj]
D:\Projects\Rider\Wanderpool.Common\tests\Wanderpool.Common.Infra.Tests\Logging\RequestLoggingMiddlewareTests.cs(340,27): warning ASPDEPR004: 'WebHostBuilder' is obsolete: 'WebHostBuilder is deprecated in favor of HostBuilder and WebApplicationBuilder. For more information, visit https://aka.ms/aspnet/deprecate/004.' (https://aka.ms/aspnet/deprecate/004) [D:\Projects\Rider\Wanderpool.Common\tests\Wanderpool.Common.Infra.Tests\Wanderpool.Common.Infra.Tests.csproj]
D:\Projects\Rider\Wanderpool.Common\tests\Wanderpool.Common.Infra.Tests\Logging\RequestLoggingMiddlewareTests.cs(357,32): warning ASPDEPR008: 'TestServer.TestServer(IWebHostBuilder)' is obsolete: 'IWebHost, which this method uses, is obsolete. Use one of the ctors that takes an IServiceProvider instead. For more information, visit https://aka.ms/aspnet/deprecate/008.' (https://aka.ms/aspnet/deprecate/008) [D:\Projects\Rider\Wanderpool.Common\tests\Wanderpool.Common.Infra.Tests\Wanderpool.Common.Infra.Tests.csproj]
D:\Projects\Rider\Wanderpool.Common\tests\Wanderpool.Common.Infra.Tests\Logging\RequestLoggingMiddlewareTests.cs(376,27): warning ASPDEPR004: 'WebHostBuilder' is obsolete: 'WebHostBuilder is deprecated in favor of HostBuilder and WebApplicationBuilder. For more information, visit https://aka.ms/aspnet/deprecate/004.' (https://aka.ms/aspnet/deprecate/004) [D:\Projects\Rider\Wanderpool.Common\tests\Wanderpool.Common.Infra.Tests\Wanderpool.Common.Infra.Tests.csproj]
D:\Projects\Rider\Wanderpool.Common\tests\Wanderpool.Common.Infra.Tests\Logging\RequestLoggingMiddlewareTests.cs(397,32): warning ASPDEPR008: 'TestServer.TestServer(IWebHostBuilder)' is obsolete: 'IWebHost, which this method uses, is obsolete. Use one of the ctors that takes an IServiceProvider instead. For more information, visit https://aka.ms/aspnet/deprecate/008.' (https://aka.ms/aspnet/deprecate/008) [D:\Projects\Rider\Wanderpool.Common\tests\Wanderpool.Common.Infra.Tests\Wanderpool.Common.Infra.Tests.csproj]
D:\Projects\Rider\Wanderpool.Common\tests\Wanderpool.Common.Infra.Tests\Logging\RequestLoggingMiddlewareTests.cs(414,27): warning ASPDEPR004: 'WebHostBuilder' is obsolete: 'WebHostBuilder is deprecated in favor of HostBuilder and WebApplicationBuilder. For more information, visit https://aka.ms/aspnet/deprecate/004.' (https://aka.ms/aspnet/deprecate/004) [D:\Projects\Rider\Wanderpool.Common\tests\Wanderpool.Common.Infra.Tests\Wanderpool.Common.Infra.Tests.csproj]
D:\Projects\Rider\Wanderpool.Common\tests\Wanderpool.Common.Infra.Tests\Logging\RequestLoggingMiddlewareTests.cs(433,32): warning ASPDEPR008: 'TestServer.TestServer(IWebHostBuilder)' is obsolete: 'IWebHost, which this method uses, is obsolete. Use one of the ctors that takes an IServiceProvider instead. For more information, visit https://aka.ms/aspnet/deprecate/008.' (https://aka.ms/aspnet/deprecate/008) [D:\Projects\Rider\Wanderpool.Common\tests\Wanderpool.Common.Infra.Tests\Wanderpool.Common.Infra.Tests.csproj]
D:\Projects\Rider\Wanderpool.Common\tests\Wanderpool.Common.Infra.Tests\Logging\RequestLoggingMiddlewareTests.cs(450,27): warning ASPDEPR004: 'WebHostBuilder' is obsolete: 'WebHostBuilder is deprecated in favor of HostBuilder and WebApplicationBuilder. For more information, visit https://aka.ms/aspnet/deprecate/004.' (https://aka.ms/aspnet/deprecate/004) [D:\Projects\Rider\Wanderpool.Common\tests\Wanderpool.Common.Infra.Tests\Wanderpool.Common.Infra.Tests.csproj]
D:\Projects\Rider\Wanderpool.Common\tests\Wanderpool.Common.Infra.Tests\Logging\RequestLoggingMiddlewareTests.cs(467,32): warning ASPDEPR008: 'TestServer.TestServer(IWebHostBuilder)' is obsolete: 'IWebHost, which this method uses, is obsolete. Use one of the ctors that takes an IServiceProvider instead. For more information, visit https://aka.ms/aspnet/deprecate/008.' (https://aka.ms/aspnet/deprecate/008) [D:\Projects\Rider\Wanderpool.Common\tests\Wanderpool.Common.Infra.Tests\Wanderpool.Common.Infra.Tests.csproj]
D:\Projects\Rider\Wanderpool.Common\tests\Wanderpool.Common.Infra.Tests\Logging\RequestLoggingMiddlewareTests.cs(484,27): warning ASPDEPR004: 'WebHostBuilder' is obsolete: 'WebHostBuilder is deprecated in favor of HostBuilder and WebApplicationBuilder. For more information, visit https://aka.ms/aspnet/deprecate/004.' (https://aka.ms/aspnet/deprecate/004) [D:\Projects\Rider\Wanderpool.Common\tests\Wanderpool.Common.Infra.Tests\Wanderpool.Common.Infra.Tests.csproj]
D:\Projects\Rider\Wanderpool.Common\tests\Wanderpool.Common.Infra.Tests\Logging\RequestLoggingMiddlewareTests.cs(501,32): warning ASPDEPR008: 'TestServer.TestServer(IWebHostBuilder)' is obsolete: 'IWebHost, which this method uses, is obsolete. Use one of the ctors that takes an IServiceProvider instead. For more information, visit https://aka.ms/aspnet/deprecate/008.' (https://aka.ms/aspnet/deprecate/008) [D:\Projects\Rider\Wanderpool.Common\tests\Wanderpool.Common.Infra.Tests\Wanderpool.Common.Infra.Tests.csproj]
D:\Projects\Rider\Wanderpool.Common\tests\Wanderpool.Common.Infra.Tests\Logging\RequestLoggingMiddlewareTests.cs(518,27): warning ASPDEPR004: 'WebHostBuilder' is obsolete: 'WebHostBuilder is deprecated in favor of HostBuilder and WebApplicationBuilder. For more information, visit https://aka.ms/aspnet/deprecate/004.' (https://aka.ms/aspnet/deprecate/004) [D:\Projects\Rider\Wanderpool.Common\tests\Wanderpool.Common.Infra.Tests\Wanderpool.Common.Infra.Tests.csproj]
D:\Projects\Rider\Wanderpool.Common\tests\Wanderpool.Common.Infra.Tests\Logging\RequestLoggingMiddlewareTests.cs(535,32): warning ASPDEPR008: 'TestServer.TestServer(IWebHostBuilder)' is obsolete: 'IWebHost, which this method uses, is obsolete. Use one of the ctors that takes an IServiceProvider instead. For more information, visit https://aka.ms/aspnet/deprecate/008.' (https://aka.ms/aspnet/deprecate/008) [D:\Projects\Rider\Wanderpool.Common\tests\Wanderpool.Common.Infra.Tests\Wanderpool.Common.Infra.Tests.csproj]
D:\Projects\Rider\Wanderpool.Common\tests\Wanderpool.Common.Infra.Tests\Exceptions\GlobalExceptionMiddlewareTests.cs(379,51): warning CS8602: Dereference of a possibly null reference. [D:\Projects\Rider\Wanderpool.Common\tests\Wanderpool.Common.Infra.Tests\Wanderpool.Common.Infra.Tests.csproj]
D:\Projects\Rider\Wanderpool.Common\tests\Wanderpool.Common.Infra.Tests\Exceptions\GlobalExceptionMiddlewareTests.cs(379,51): warning CS8602: Dereference of a possibly null reference. [D:\Projects\Rider\Wanderpool.Common\tests\Wanderpool.Common.Infra.Tests\Wanderpool.Common.Infra.Tests.csproj]
D:\Projects\Rider\Wanderpool.Common\tests\Wanderpool.Common.Infra.Tests\Logging\RequestLoggingMiddlewareTests.cs(554,27): warning ASPDEPR004: 'WebHostBuilder' is obsolete: 'WebHostBuilder is deprecated in favor of HostBuilder and WebApplicationBuilder. For more information, visit https://aka.ms/aspnet/deprecate/004.' (https://aka.ms/aspnet/deprecate/004) [D:\Projects\Rider\Wanderpool.Common\tests\Wanderpool.Common.Infra.Tests\Wanderpool.Common.Infra.Tests.csproj]
D:\Projects\Rider\Wanderpool.Common\tests\Wanderpool.Common.Infra.Tests\Logging\RequestLoggingMiddlewareTests.cs(577,32): warning ASPDEPR008: 'TestServer.TestServer(IWebHostBuilder)' is obsolete: 'IWebHost, which this method uses, is obsolete. Use one of the ctors that takes an IServiceProvider instead. For more information, visit https://aka.ms/aspnet/deprecate/008.' (https://aka.ms/aspnet/deprecate/008) [D:\Projects\Rider\Wanderpool.Common\tests\Wanderpool.Common.Infra.Tests\Wanderpool.Common.Infra.Tests.csproj]
D:\Projects\Rider\Wanderpool.Common\tests\Wanderpool.Common.Infra.Tests\Exceptions\GlobalExceptionMiddlewareTests.cs(406,53): warning CS8602: Dereference of a possibly null reference. [D:\Projects\Rider\Wanderpool.Common\tests\Wanderpool.Common.Infra.Tests\Wanderpool.Common.Infra.Tests.csproj]
D:\Projects\Rider\Wanderpool.Common\tests\Wanderpool.Common.Infra.Tests\Exceptions\GlobalExceptionMiddlewareTests.cs(406,53): warning CS8602: Dereference of a possibly null reference. [D:\Projects\Rider\Wanderpool.Common\tests\Wanderpool.Common.Infra.Tests\Wanderpool.Common.Infra.Tests.csproj]
D:\Projects\Rider\Wanderpool.Common\tests\Wanderpool.Common.Infra.Tests\Logging\RequestLoggingMiddlewareTests.cs(596,27): warning ASPDEPR004: 'WebHostBuilder' is obsolete: 'WebHostBuilder is deprecated in favor of HostBuilder and WebApplicationBuilder. For more information, visit https://aka.ms/aspnet/deprecate/004.' (https://aka.ms/aspnet/deprecate/004) [D:\Projects\Rider\Wanderpool.Common\tests\Wanderpool.Common.Infra.Tests\Wanderpool.Common.Infra.Tests.csproj]
D:\Projects\Rider\Wanderpool.Common\tests\Wanderpool.Common.Infra.Tests\Logging\RequestLoggingMiddlewareTests.cs(617,32): warning ASPDEPR008: 'TestServer.TestServer(IWebHostBuilder)' is obsolete: 'IWebHost, which this method uses, is obsolete. Use one of the ctors that takes an IServiceProvider instead. For more information, visit https://aka.ms/aspnet/deprecate/008.' (https://aka.ms/aspnet/deprecate/008) [D:\Projects\Rider\Wanderpool.Common\tests\Wanderpool.Common.Infra.Tests\Wanderpool.Common.Infra.Tests.csproj]
